../Core/Src/App/AppCanBus.c:40:6:AppCanBus_ctor	16	static
../Core/Src/App/AppCanBus.c:48:6:AppCanBus_task_ctor	16	static
../Core/Src/App/AppCanBus.c:53:6:AppCanBusTask_ctor	16	static
../Core/Src/App/AppCanBus.c:77:6:AppCanBusTask_timerTask	24	static
../Core/Src/App/AppCanBus.c:83:6:AppCanBusTask_timerTaskReadSystem	16	static
../Core/Src/App/AppCanBus.c:90:6:AppCanBusTask_energyCounterReset	16	static
../Core/Src/App/AppCanBus.c:99:6:AppCanBusTask_startTask	16	static
../Core/Src/App/AppCanBus.c:104:6:AppCanBusTask_stopTask	16	static
../Core/Src/App/AppCanBus.c:117:6:AppCanBusTask_init	40	static
../Core/Src/App/AppCanBus.c:155:6:AppCanBusTask_sendingTask	48	static
../Core/Src/App/AppCanBus.c:200:6:AppCanBusTask_offAllModule	24	static
../Core/Src/App/AppCanBus.c:207:6:AppCanBusTask_onAllModule	24	static
../Core/Src/App/AppCanBus.c:212:6:AppCanBusTask_setVoltCurr	48	static
../Core/Src/App/AppCanBus.c:237:6:AppCanBusTask_power	48	static
../Core/Src/App/AppCanBus.c:264:6:AppCanBusTask_receivedTask	104	static
../Core/Src/App/AppCanBus.c:448:6:AppCanBus_configPort	48	static
../Core/Src/App/AppCanBus.c:484:6:AppCanBus_send	48	static
../Core/Src/App/AppCanBus.c:503:6:HAL_FDCAN_RxFifo0Callback	72	static
../Core/Src/App/AppCanBus.c:541:6:HAL_FDCAN_TxBufferCompleteCallback	32	static
../Core/Src/App/AppCanBus.c:568:6:HAL_FDCAN_ErrorCallback	24	static
../Core/Src/App/AppCanBus.c:624:6:HAL_FDCAN_ErrorStatusCallback	16	static
