../Core/Third_Party/TM/Low/flash_if.c:67:6:FLASH_If_Init	8	static
../Core/Third_Party/TM/Low/flash_if.c:88:10:FLASH_If_Erase	48	static
../Core/Third_Party/TM/Low/flash_if.c:125:10:FLASH_If_Erase_Page	48	static
../Core/Third_Party/TM/Low/flash_if.c:166:10:FLASH_If_Write	32	static
../Core/Third_Party/TM/Low/flash_if.c:224:10:FLASH_If_GetWriteProtectionStatus	224	static
../Core/Third_Party/TM/Low/flash_if.c:299:10:FLASH_If_WriteProtectionConfig	72	static
../Core/Third_Party/TM/Low/flash_if.c:341:17:ProgramFirmwarePacket	32	static,ignoring_inline_asm
../Core/Third_Party/TM/Low/flash_if.c:434:17:ProgramData	32	static
../Core/Third_Party/TM/Low/flash_if.c:472:6:deleteFlash	96	static
../Core/Third_Party/TM/Low/flash_if.c:509:10:FLASH_If_Erase_Page_Bank_2	40	static,ignoring_inline_asm
../Core/Third_Party/TM/Low/flash_if.c:542:10:FLASH_If_Write_Bank_2	40	static
